$ bun run --filter "*" dev
maintenance dev: Maintenance app listening on port 3000
@syncoboard/deployer dev: [Deployer] FATAL: DEPLOYER_SECRET is not set. Exiting to prevent unauthorized access.
@syncoboard/deployer dev: Exited with code 1
@syncoboard/cron dev: error: Cannot find module '.prisma/client/default' from '/app/node_modules/@prisma/client/default.js'
@syncoboard/webhook dev: error: Cannot find module '.prisma/client/default' from '/app/node_modules/@prisma/client/default.js'
websocket dev: [12:35:42.327] [32mINFO[39m (98353): [36mWebSocket service listening on port 3002[39m
web dev: ⨯ Failed to start server
dashboard dev: ▲ Next.js 16.2.2 (Turbopack)
dashboard dev: - Local:         http://localhost:3001
dashboard dev: - Network:       http://192.168.0.2:3001
dashboard dev: ✓ Ready in 644ms
web dev: Error: listen EADDRINUSE: address already in use :::3000
web dev:     at <unknown> (Error: listen EADDRINUSE: address already in use :::3000)
web dev:     at new Promise (<anonymous>) {
web dev:   code: 'EADDRINUSE',
web dev:   errno: -98,
web dev:   syscall: 'listen',
web dev:   address: '::',
web dev:   port: 3000
web dev: }
web dev: [?25h
web dev: Exited with code 1
dashboard dev:
error: script "dev" was terminated by signal SIGTERM (Polite quit request)
